Loaded Prisma config from prisma.config.ts.

Prisma config detected, skipping environment variable loading.
Prisma schema loaded from prisma/schema.prisma
Datasource "db": PostgreSQL database "phase1", schema "public" at "127.0.0.1:64625"

30 migrations found in prisma/migrations

Applying migration `20260919140000_facilities_committed_file_lineage`

┌─────────────────────────────────────────────────────────┐
│  Update available 6.19.3 -> 8.0.0-rc.15                 │
│                                                         │
│  This is a major update - please follow the guide at    │
│  https://pris.ly/d/major-version-upgrade                │
│                                                         │
│  Run the following to update                            │
│    npm i --save-dev prisma@latest                       │
│    npm i @prisma/client@latest                          │
└─────────────────────────────────────────────────────────┘
The following migration(s) have been applied:

migrations/
  └─ 20260919140000_facilities_committed_file_lineage/
    └─ migration.sql
      
All migrations have been successfully applied.
