(!) Your Vite config uses features that are unsupported by `configLoader: 'native'`, which is planned to become the default in a future major version of Vite:
  - ESM syntax in a file loaded as CommonJS (vitest.config.ts:1:1). Use a `.mjs` extension or set `"type": "module"` in the closest package.json
Set `VITE_CONFIG_NATIVE_IGNORE_WARNING=true` to suppress this warning.
(node:68925) [DEP0205] DeprecationWarning: `module.register()` is deprecated. Use `module.registerHooks()` instead.
(Use `node --trace-deprecation ...` to show where the warning was created)

[1m[30m[46m RUN [49m[39m[22m [36mv4.1.11 [39m[90m/private/var/folders/g_/f5ccnp_51q15by15f4svlw6c0000gn/T/sana-phase3-sz6w9iur/source[39m

 [31m❯[39m tests/zarinpal-contract.test.ts [2m([22m[2m63 tests[22m[2m | [22m[31m42 failed[39m[2m)[22m[33m 1051[2mms[22m[39m
     [32m✓[39m accepts documented verify code 100 and exact stored amount/authority[32m 16[2mms[22m[39m
     [32m✓[39m accepts documented verify code 101 and exact stored amount/authority[32m 0[2mms[22m[39m
[31m     [31m×[31m unknown verify code undefined cannot confirm a reference[39m[32m 4[2mms[22m[39m
[31m     [31m×[31m unknown verify code null cannot confirm a reference[39m[32m 1[2mms[22m[39m
[31m     [31m×[31m unknown verify code 100 cannot confirm a reference[39m[32m 1[2mms[22m[39m
[31m     [31m×[31m unknown verify code 101 cannot confirm a reference[39m[32m 0[2mms[22m[39m
[31m     [31m×[31m unknown verify code 0 cannot confirm a reference[39m[32m 0[2mms[22m[39m
[31m     [31m×[31m unknown verify code -51 cannot confirm a reference[39m[32m 1[2mms[22m[39m
[31m     [31m×[31m unknown verify code 102 cannot confirm a reference[39m[32m 1[2mms[22m[39m
[31m     [31m×[31m unknown verify code true cannot confirm a reference[39m[32m 1[2mms[22m[39m
     [32m✓[39m unusable reference undefined stays unknown[32m 0[2mms[22m[39m
     [32m✓[39m unusable reference null stays unknown[32m 0[2mms[22m[39m
[31m     [31m×[31m unusable reference 0 stays unknown[39m[32m 0[2mms[22m[39m
[31m     [31m×[31m unusable reference -1 stays unknown[39m[32m 0[2mms[22m[39m
[31m     [31m×[31m unusable reference 1.5 stays unknown[39m[32m 0[2mms[22m[39m
[31m     [31m×[31m unusable reference 9007199254740992 stays unknown[39m[32m 0[2mms[22m[39m
     [32m✓[39m unusable reference  stays unknown[32m 0[2mms[22m[39m
[31m     [31m×[31m unusable reference 0 stays unknown[39m[32m 0[2mms[22m[39m
[31m     [31m×[31m unusable reference 201 stays unknown[39m[32m 0[2mms[22m[39m
[31m     [31m×[31m unusable reference   stays unknown[39m[32m 0[2mms[22m[39m
[31m     [31m×[31m unusable reference ref stays unknown[39m[32m 0[2mms[22m[39m
     [32m✓[39m unusable reference true stays unknown[32m 0[2mms[22m[39m
     [32m✓[39m unusable reference {} stays unknown[32m 0[2mms[22m[39m
     [32m✓[39m unusable reference undefined stays unknown[32m 0[2mms[22m[39m
     [32m✓[39m malformed or contradictory envelope 0 stays unknown[32m 0[2mms[22m[39m
     [32m✓[39m malformed or contradictory envelope 1 stays unknown[32m 0[2mms[22m[39m
     [32m✓[39m malformed or contradictory envelope 2 stays unknown[32m 0[2mms[22m[39m
     [32m✓[39m malformed or contradictory envelope 3 stays unknown[32m 0[2mms[22m[39m
[31m     [31m×[31m malformed or contradictory envelope 4 stays unknown[39m[32m 0[2mms[22m[39m
[31m     [31m×[31m malformed or contradictory envelope 5 stays unknown[39m[32m 0[2mms[22m[39m
[31m     [31m×[31m malformed or contradictory envelope 6 stays unknown[39m[32m 0[2mms[22m[39m
[31m     [31m×[31m malformed or contradictory envelope 7 stays unknown[39m[32m 1[2mms[22m[39m
[31m     [31m×[31m malformed or contradictory envelope 8 stays unknown[39m[32m 0[2mms[22m[39m
[31m     [31m×[31m malformed or contradictory envelope 9 stays unknown[39m[32m 0[2mms[22m[39m
[31m     [31m×[31m malformed or contradictory envelope 10 stays unknown[39m[32m 0[2mms[22m[39m
[31m     [31m×[31m malformed or contradictory envelope 11 stays unknown[39m[32m 0[2mms[22m[39m
[31m     [31m×[31m malformed or contradictory envelope 12 stays unknown[39m[32m 0[2mms[22m[39m
[31m     [31m×[31m malformed or contradictory envelope 13 stays unknown[39m[32m 0[2mms[22m[39m
[31m     [31m×[31m malformed or contradictory envelope 14 stays unknown[39m[32m 1[2mms[22m[39m
[31m     [31m×[31m malformed or contradictory envelope 15 stays unknown[39m[32m 0[2mms[22m[39m
[31m     [31m×[31m malformed or contradictory envelope 16 stays unknown[39m[32m 0[2mms[22m[39m
[31m     [31m×[31m recognizes complete explicit rejection without retaining provider text[39m[32m 1[2mms[22m[39m
     [32m✓[39m HTTP 400 never confirms success[32m 0[2mms[22m[39m
     [32m✓[39m HTTP 500 never confirms success[32m 0[2mms[22m[39m
     [32m✓[39m HTTP 502 never confirms success[32m 0[2mms[22m[39m
     [32m✓[39m HTTP 503 never confirms success[32m 0[2mms[22m[39m
     [32m✓[39m invalid JSON stays unknown[32m 0[2mms[22m[39m
     [33m[2m✓[22m[39m actual abort signal bounds a stalled verify without retry [33m 1003[2mms[22m[39m
[31m     [31m×[31m request code undefined cannot issue a payment URL[39m[32m 2[2mms[22m[39m
[31m     [31m×[31m request code 101 cannot issue a payment URL[39m[32m 1[2mms[22m[39m
[31m     [31m×[31m request code 100 cannot issue a payment URL[39m[32m 1[2mms[22m[39m
[31m     [31m×[31m request code -9 cannot issue a payment URL[39m[32m 1[2mms[22m[39m
     [32m✓[39m request authority  is unusable[32m 0[2mms[22m[39m
[31m     [31m×[31m request authority   is unusable[39m[32m 1[2mms[22m[39m
[31m     [31m×[31m request authority S is unusable[39m[32m 1[2mms[22m[39m
[31m     [31m×[31m request authority A00000000000000000000000000000000000 is unusable[39m[32m 1[2mms[22m[39m
[31m     [31m×[31m request authority S0000000000000000000000000000000000 is unusable[39m[32m 1[2mms[22m[39m
[31m     [31m×[31m request authority S000000000000000000000000000000000000 is unusable[39m[32m 1[2mms[22m[39m
[31m     [31m×[31m request authority S/////////////////////////////////// is unusable[39m[32m 1[2mms[22m[39m
[31m     [31m×[31m request authority S??????????????????????????????????? is unusable[39m[32m 1[2mms[22m[39m
     [32m✓[39m request authority 201 is unusable[32m 0[2mms[22m[39m
     [32m✓[39m uses the documented mixed-case sandbox authority[32m 0[2mms[22m[39m
[31m     [31m×[31m invalid outbound authority and amount never reach the provider[39m[32m 1[2mms[22m[39m

[31m⎯⎯⎯⎯⎯⎯[39m[1m[41m Failed Tests 42 [49m[22m[31m⎯⎯⎯⎯⎯⎯⎯[39m

[41m[1m FAIL [22m[49m tests/zarinpal-contract.test.ts[2m > [22mR12 gateway contract[2m > [22munknown verify code undefined cannot confirm a reference
[41m[1m FAIL [22m[49m tests/zarinpal-contract.test.ts[2m > [22mR12 gateway contract[2m > [22munknown verify code null cannot confirm a reference
[41m[1m FAIL [22m[49m tests/zarinpal-contract.test.ts[2m > [22mR12 gateway contract[2m > [22munknown verify code 100 cannot confirm a reference
[41m[1m FAIL [22m[49m tests/zarinpal-contract.test.ts[2m > [22mR12 gateway contract[2m > [22munknown verify code 101 cannot confirm a reference
[41m[1m FAIL [22m[49m tests/zarinpal-contract.test.ts[2m > [22mR12 gateway contract[2m > [22munknown verify code 0 cannot confirm a reference
[41m[1m FAIL [22m[49m tests/zarinpal-contract.test.ts[2m > [22mR12 gateway contract[2m > [22munknown verify code -51 cannot confirm a reference
[41m[1m FAIL [22m[49m tests/zarinpal-contract.test.ts[2m > [22mR12 gateway contract[2m > [22munknown verify code 102 cannot confirm a reference
[41m[1m FAIL [22m[49m tests/zarinpal-contract.test.ts[2m > [22mR12 gateway contract[2m > [22munknown verify code true cannot confirm a reference
[31m[1mAssertionError[22m: promise resolved "{ referenceId: '201' }" instead of rejecting[39m

[32m- Expected[39m
[31m+ Received[39m

[32m- Error {[39m
[32m-   "message": "rejected promise",[39m
[31m+ {[39m
[31m+   "referenceId": "201",[39m
[2m  }[22m

[36m [2m❯[22m tests/zarinpal-contract.test.ts:[2m18:47[22m[39m
    [90m 16|[39m   it.each([undefined, null, "100", "101", 0, -51, 102, true])("unknown…
    [90m 17|[39m     [34manswer[39m({ data[33m:[39m { code[33m,[39m ref_id[33m:[39m [34m201[39m }[33m,[39m errors[33m:[39m [] })[33m;[39m
    [90m 18|[39m     await expect(verifyZarinpalPayment(input)).rejects.toBeInstanceOf(…
    [90m   |[39m                                               [31m^[39m
    [90m 19|[39m   })[33m;[39m
    [90m 20|[39m   it.each([undefined, null, 0, -1, 1.5, Number.MAX_SAFE_INTEGER + 1, "…

[31m[2m⎯⎯⎯⎯⎯⎯⎯⎯⎯⎯⎯⎯⎯⎯⎯⎯⎯⎯⎯⎯⎯⎯⎯[1/42]⎯[22m[39m

[41m[1m FAIL [22m[49m tests/zarinpal-contract.test.ts[2m > [22mR12 gateway contract[2m > [22munusable reference 0 stays unknown
[41m[1m FAIL [22m[49m tests/zarinpal-contract.test.ts[2m > [22mR12 gateway contract[2m > [22munusable reference 0 stays unknown
[31m[1mAssertionError[22m: promise resolved "{ referenceId: '0' }" instead of rejecting[39m

[32m- Expected[39m
[31m+ Received[39m

[32m- Error {[39m
[32m-   "message": "rejected promise",[39m
[31m+ {[39m
[31m+   "referenceId": "0",[39m
[2m  }[22m

[36m [2m❯[22m tests/zarinpal-contract.test.ts:[2m22:47[22m[39m
    [90m 20|[39m   it.each([undefined, null, 0, -1, 1.5, Number.MAX_SAFE_INTEGER + 1, "…
    [90m 21|[39m     [34manswer[39m({ data[33m:[39m { code[33m:[39m [34m100[39m[33m,[39m ref_id }[33m,[39m errors[33m:[39m [] })[33m;[39m
    [90m 22|[39m     await expect(verifyZarinpalPayment(input)).rejects.toBeInstanceOf(…
    [90m   |[39m                                               [31m^[39m
    [90m 23|[39m   })[33m;[39m
    [90m 24|[39m   it[33m.[39m[34meach[39m([

[31m[2m⎯⎯⎯⎯⎯⎯⎯⎯⎯⎯⎯⎯⎯⎯⎯⎯⎯⎯⎯⎯⎯⎯⎯[2/42]⎯[22m[39m

[41m[1m FAIL [22m[49m tests/zarinpal-contract.test.ts[2m > [22mR12 gateway contract[2m > [22munusable reference -1 stays unknown
[31m[1mAssertionError[22m: promise resolved "{ referenceId: '-1' }" instead of rejecting[39m

[32m- Expected[39m
[31m+ Received[39m

[32m- Error {[39m
[32m-   "message": "rejected promise",[39m
[31m+ {[39m
[31m+   "referenceId": "-1",[39m
[2m  }[22m

[36m [2m❯[22m tests/zarinpal-contract.test.ts:[2m22:47[22m[39m
    [90m 20|[39m   it.each([undefined, null, 0, -1, 1.5, Number.MAX_SAFE_INTEGER + 1, "…
    [90m 21|[39m     [34manswer[39m({ data[33m:[39m { code[33m:[39m [34m100[39m[33m,[39m ref_id }[33m,[39m errors[33m:[39m [] })[33m;[39m
    [90m 22|[39m     await expect(verifyZarinpalPayment(input)).rejects.toBeInstanceOf(…
    [90m   |[39m                                               [31m^[39m
    [90m 23|[39m   })[33m;[39m
    [90m 24|[39m   it[33m.[39m[34meach[39m([

[31m[2m⎯⎯⎯⎯⎯⎯⎯⎯⎯⎯⎯⎯⎯⎯⎯⎯⎯⎯⎯⎯⎯⎯⎯[3/42]⎯[22m[39m

[41m[1m FAIL [22m[49m tests/zarinpal-contract.test.ts[2m > [22mR12 gateway contract[2m > [22munusable reference 1.5 stays unknown
[31m[1mAssertionError[22m: promise resolved "{ referenceId: '1.5' }" instead of rejecting[39m

[32m- Expected[39m
[31m+ Received[39m

[32m- Error {[39m
[32m-   "message": "rejected promise",[39m
[31m+ {[39m
[31m+   "referenceId": "1.5",[39m
[2m  }[22m

[36m [2m❯[22m tests/zarinpal-contract.test.ts:[2m22:47[22m[39m
    [90m 20|[39m   it.each([undefined, null, 0, -1, 1.5, Number.MAX_SAFE_INTEGER + 1, "…
    [90m 21|[39m     [34manswer[39m({ data[33m:[39m { code[33m:[39m [34m100[39m[33m,[39m ref_id }[33m,[39m errors[33m:[39m [] })[33m;[39m
    [90m 22|[39m     await expect(verifyZarinpalPayment(input)).rejects.toBeInstanceOf(…
    [90m   |[39m                                               [31m^[39m
    [90m 23|[39m   })[33m;[39m
    [90m 24|[39m   it[33m.[39m[34meach[39m([

[31m[2m⎯⎯⎯⎯⎯⎯⎯⎯⎯⎯⎯⎯⎯⎯⎯⎯⎯⎯⎯⎯⎯⎯⎯[4/42]⎯[22m[39m

[41m[1m FAIL [22m[49m tests/zarinpal-contract.test.ts[2m > [22mR12 gateway contract[2m > [22munusable reference 9007199254740992 stays unknown
[31m[1mAssertionError[22m: promise resolved "{ referenceId: '9007199254740992' }" instead of rejecting[39m

[32m- Expected[39m
[31m+ Received[39m

[32m- Error {[39m
[32m-   "message": "rejected promise",[39m
[31m+ {[39m
[31m+   "referenceId": "9007199254740992",[39m
[2m  }[22m

[36m [2m❯[22m tests/zarinpal-contract.test.ts:[2m22:47[22m[39m
    [90m 20|[39m   it.each([undefined, null, 0, -1, 1.5, Number.MAX_SAFE_INTEGER + 1, "…
    [90m 21|[39m     [34manswer[39m({ data[33m:[39m { code[33m:[39m [34m100[39m[33m,[39m ref_id }[33m,[39m errors[33m:[39m [] })[33m;[39m
    [90m 22|[39m     await expect(verifyZarinpalPayment(input)).rejects.toBeInstanceOf(…
    [90m   |[39m                                               [31m^[39m
    [90m 23|[39m   })[33m;[39m
    [90m 24|[39m   it[33m.[39m[34meach[39m([

[31m[2m⎯⎯⎯⎯⎯⎯⎯⎯⎯⎯⎯⎯⎯⎯⎯⎯⎯⎯⎯⎯⎯⎯⎯[5/42]⎯[22m[39m

[41m[1m FAIL [22m[49m tests/zarinpal-contract.test.ts[2m > [22mR12 gateway contract[2m > [22munusable reference 201 stays unknown
[31m[1mAssertionError[22m: promise resolved "{ referenceId: '201' }" instead of rejecting[39m

[32m- Expected[39m
[31m+ Received[39m

[32m- Error {[39m
[32m-   "message": "rejected promise",[39m
[31m+ {[39m
[31m+   "referenceId": "201",[39m
[2m  }[22m

[36m [2m❯[22m tests/zarinpal-contract.test.ts:[2m22:47[22m[39m
    [90m 20|[39m   it.each([undefined, null, 0, -1, 1.5, Number.MAX_SAFE_INTEGER + 1, "…
    [90m 21|[39m     [34manswer[39m({ data[33m:[39m { code[33m:[39m [34m100[39m[33m,[39m ref_id }[33m,[39m errors[33m:[39m [] })[33m;[39m
    [90m 22|[39m     await expect(verifyZarinpalPayment(input)).rejects.toBeInstanceOf(…
    [90m   |[39m                                               [31m^[39m
    [90m 23|[39m   })[33m;[39m
    [90m 24|[39m   it[33m.[39m[34meach[39m([

[31m[2m⎯⎯⎯⎯⎯⎯⎯⎯⎯⎯⎯⎯⎯⎯⎯⎯⎯⎯⎯⎯⎯⎯⎯[6/42]⎯[22m[39m

[41m[1m FAIL [22m[49m tests/zarinpal-contract.test.ts[2m > [22mR12 gateway contract[2m > [22munusable reference   stays unknown
[31m[1mAssertionError[22m: promise resolved "{ referenceId: ' ' }" instead of rejecting[39m

[32m- Expected[39m
[31m+ Received[39m

[32m- Error {[39m
[32m-   "message": "rejected promise",[39m
[31m+ {[39m
[31m+   "referenceId": " ",[39m
[2m  }[22m

[36m [2m❯[22m tests/zarinpal-contract.test.ts:[2m22:47[22m[39m
    [90m 20|[39m   it.each([undefined, null, 0, -1, 1.5, Number.MAX_SAFE_INTEGER + 1, "…
    [90m 21|[39m     [34manswer[39m({ data[33m:[39m { code[33m:[39m [34m100[39m[33m,[39m ref_id }[33m,[39m errors[33m:[39m [] })[33m;[39m
    [90m 22|[39m     await expect(verifyZarinpalPayment(input)).rejects.toBeInstanceOf(…
    [90m   |[39m                                               [31m^[39m
    [90m 23|[39m   })[33m;[39m
    [90m 24|[39m   it[33m.[39m[34meach[39m([

[31m[2m⎯⎯⎯⎯⎯⎯⎯⎯⎯⎯⎯⎯⎯⎯⎯⎯⎯⎯⎯⎯⎯⎯⎯[7/42]⎯[22m[39m

[41m[1m FAIL [22m[49m tests/zarinpal-contract.test.ts[2m > [22mR12 gateway contract[2m > [22munusable reference ref stays unknown
[31m[1mAssertionError[22m: promise resolved "{ referenceId: 'ref' }" instead of rejecting[39m

[32m- Expected[39m
[31m+ Received[39m

[32m- Error {[39m
[32m-   "message": "rejected promise",[39m
[31m+ {[39m
[31m+   "referenceId": "ref",[39m
[2m  }[22m

[36m [2m❯[22m tests/zarinpal-contract.test.ts:[2m22:47[22m[39m
    [90m 20|[39m   it.each([undefined, null, 0, -1, 1.5, Number.MAX_SAFE_INTEGER + 1, "…
    [90m 21|[39m     [34manswer[39m({ data[33m:[39m { code[33m:[39m [34m100[39m[33m,[39m ref_id }[33m,[39m errors[33m:[39m [] })[33m;[39m
    [90m 22|[39m     await expect(verifyZarinpalPayment(input)).rejects.toBeInstanceOf(…
    [90m   |[39m                                               [31m^[39m
    [90m 23|[39m   })[33m;[39m
    [90m 24|[39m   it[33m.[39m[34meach[39m([

[31m[2m⎯⎯⎯⎯⎯⎯⎯⎯⎯⎯⎯⎯⎯⎯⎯⎯⎯⎯⎯⎯⎯⎯⎯[8/42]⎯[22m[39m

[41m[1m FAIL [22m[49m tests/zarinpal-contract.test.ts[2m > [22mR12 gateway contract[2m > [22mmalformed or contradictory envelope 4 stays unknown
[41m[1m FAIL [22m[49m tests/zarinpal-contract.test.ts[2m > [22mR12 gateway contract[2m > [22mmalformed or contradictory envelope 5 stays unknown
[41m[1m FAIL [22m[49m tests/zarinpal-contract.test.ts[2m > [22mR12 gateway contract[2m > [22mmalformed or contradictory envelope 6 stays unknown
[41m[1m FAIL [22m[49m tests/zarinpal-contract.test.ts[2m > [22mR12 gateway contract[2m > [22mmalformed or contradictory envelope 14 stays unknown
[41m[1m FAIL [22m[49m tests/zarinpal-contract.test.ts[2m > [22mR12 gateway contract[2m > [22mmalformed or contradictory envelope 15 stays unknown
[41m[1m FAIL [22m[49m tests/zarinpal-contract.test.ts[2m > [22mR12 gateway contract[2m > [22mmalformed or contradictory envelope 16 stays unknown
[31m[1mAssertionError[22m: promise resolved "{ referenceId: '201' }" instead of rejecting[39m

[32m- Expected[39m
[31m+ Received[39m

[32m- Error {[39m
[32m-   "message": "rejected promise",[39m
[31m+ {[39m
[31m+   "referenceId": "201",[39m
[2m  }[22m

[36m [2m❯[22m tests/zarinpal-contract.test.ts:[2m36:64[22m[39m
    [90m 34|[39m     { data[33m:[39m { code[33m:[39m [34m100[39m[33m,[39m ref_id[33m:[39m [34m201[39m[33m,[39m currency[33m:[39m [32m"IRR"[39m }[33m,[39m errors[33m:[39m [] }[33m,[39m
    [90m 35|[39m   ])("malformed or contradictory envelope %# stays unknown", async pay…
    [90m 36|[39m     answer(payload); await expect(verifyZarinpalPayment(input)).reject…
    [90m   |[39m                                                                [31m^[39m
    [90m 37|[39m   })[33m;[39m
    [90m 38|[39m   it("recognizes complete explicit rejection without retaining provide…

[31m[2m⎯⎯⎯⎯⎯⎯⎯⎯⎯⎯⎯⎯⎯⎯⎯⎯⎯⎯⎯⎯⎯⎯⎯[9/42]⎯[22m[39m

[41m[1m FAIL [22m[49m tests/zarinpal-contract.test.ts[2m > [22mR12 gateway contract[2m > [22mmalformed or contradictory envelope 7 stays unknown
[41m[1m FAIL [22m[49m tests/zarinpal-contract.test.ts[2m > [22mR12 gateway contract[2m > [22mmalformed or contradictory envelope 9 stays unknown
[41m[1m FAIL [22m[49m tests/zarinpal-contract.test.ts[2m > [22mR12 gateway contract[2m > [22mmalformed or contradictory envelope 12 stays unknown
[41m[1m FAIL [22m[49m tests/zarinpal-contract.test.ts[2m > [22mR12 gateway contract[2m > [22mmalformed or contradictory envelope 13 stays unknown
[31m[1mAssertionError[22m: expected ZarinpalRejectedError: Zarinpal request f… { code: … } to be an instance of ZarinpalUnavailableError[39m
[36m [2m❯[22m tests/zarinpal-contract.test.ts:[2m36:64[22m[39m
    [90m 34|[39m     { data[33m:[39m { code[33m:[39m [34m100[39m[33m,[39m ref_id[33m:[39m [34m201[39m[33m,[39m currency[33m:[39m [32m"IRR"[39m }[33m,[39m errors[33m:[39m [] }[33m,[39m
    [90m 35|[39m   ])("malformed or contradictory envelope %# stays unknown", async pay…
    [90m 36|[39m     answer(payload); await expect(verifyZarinpalPayment(input)).reject…
    [90m   |[39m                                                                [31m^[39m
    [90m 37|[39m   })[33m;[39m
    [90m 38|[39m   it("recognizes complete explicit rejection without retaining provide…

[31m[2m⎯⎯⎯⎯⎯⎯⎯⎯⎯⎯⎯⎯⎯⎯⎯⎯⎯⎯⎯⎯⎯⎯[10/42]⎯[22m[39m

[41m[1m FAIL [22m[49m tests/zarinpal-contract.test.ts[2m > [22mR12 gateway contract[2m > [22mmalformed or contradictory envelope 8 stays unknown
[41m[1m FAIL [22m[49m tests/zarinpal-contract.test.ts[2m > [22mR12 gateway contract[2m > [22mmalformed or contradictory envelope 10 stays unknown
[41m[1m FAIL [22m[49m tests/zarinpal-contract.test.ts[2m > [22mR12 gateway contract[2m > [22mmalformed or contradictory envelope 11 stays unknown
[31m[1mAssertionError[22m: expected ZarinpalRejectedError: Zarinpal request f… { code: undefined } to be an instance of ZarinpalUnavailableError[39m
[36m [2m❯[22m tests/zarinpal-contract.test.ts:[2m36:64[22m[39m
    [90m 34|[39m     { data[33m:[39m { code[33m:[39m [34m100[39m[33m,[39m ref_id[33m:[39m [34m201[39m[33m,[39m currency[33m:[39m [32m"IRR"[39m }[33m,[39m errors[33m:[39m [] }[33m,[39m
    [90m 35|[39m   ])("malformed or contradictory envelope %# stays unknown", async pay…
    [90m 36|[39m     answer(payload); await expect(verifyZarinpalPayment(input)).reject…
    [90m   |[39m                                                                [31m^[39m
    [90m 37|[39m   })[33m;[39m
    [90m 38|[39m   it("recognizes complete explicit rejection without retaining provide…

[31m[2m⎯⎯⎯⎯⎯⎯⎯⎯⎯⎯⎯⎯⎯⎯⎯⎯⎯⎯⎯⎯⎯⎯[11/42]⎯[22m[39m

[41m[1m FAIL [22m[49m tests/zarinpal-contract.test.ts[2m > [22mR12 gateway contract[2m > [22mrecognizes complete explicit rejection without retaining provider text
[31m[1mAssertionError[22m: expected 'ZarinpalRejectedError: Zarinpal reque…' not to match /secret/[39m

[32m- Expected:[39m
/secret/

[31m+ Received:[39m
"ZarinpalRejectedError: Zarinpal request failed: {\"code\":-51,\"message\":\"secret-merchant\",\"validations\":{\"token\":\"secret-token\"}}"

[36m [2m❯[22m tests/zarinpal-contract.test.ts:[2m42:27[22m[39m
    [90m 40|[39m     [35mconst[39m e [33m=[39m [35mawait[39m [34mverifyZarinpalPayment[39m(input)[33m.[39m[35mcatch[39m(e [33m=>[39m e)[33m;[39m
    [90m 41|[39m     expect(e).toBeInstanceOf(ZarinpalRejectedError); expect(e.code).to…
    [90m 42|[39m     [34mexpect[39m([33mString[39m(e))[33m.[39mnot[33m.[39m[34mtoMatch[39m([36m/secret/[39m)[33m;[39m
    [90m   |[39m                           [31m^[39m
    [90m 43|[39m   })[33m;[39m
    [90m 44|[39m   it.each([400, 500, 502, 503])("HTTP %s never confirms success", asyn…

[31m[2m⎯⎯⎯⎯⎯⎯⎯⎯⎯⎯⎯⎯⎯⎯⎯⎯⎯⎯⎯⎯⎯⎯[12/42]⎯[22m[39m

[41m[1m FAIL [22m[49m tests/zarinpal-contract.test.ts[2m > [22mR12 gateway contract[2m > [22mrequest code undefined cannot issue a payment URL
[41m[1m FAIL [22m[49m tests/zarinpal-contract.test.ts[2m > [22mR12 gateway contract[2m > [22mrequest code 101 cannot issue a payment URL
[41m[1m FAIL [22m[49m tests/zarinpal-contract.test.ts[2m > [22mR12 gateway contract[2m > [22mrequest code 100 cannot issue a payment URL
[41m[1m FAIL [22m[49m tests/zarinpal-contract.test.ts[2m > [22mR12 gateway contract[2m > [22mrequest code -9 cannot issue a payment URL
[31m[1mAssertionError[22m: promise resolved "{ …(2) }" instead of rejecting[39m

[32m- Expected[39m
[31m+ Received[39m

[32m- Error {[39m
[32m-   "message": "rejected promise",[39m
[31m+ {[39m
[31m+   "authority": "S0000000000000000000000000000wwOGYpd",[39m
[31m+   "paymentUrl": "https://sandbox.zarinpal.com/pg/StartPay/S0000000000000000000000000000wwOGYpd",[39m
[2m  }[22m

[36m [2m❯[22m tests/zarinpal-contract.test.ts:[2m60:50[22m[39m
    [90m 58|[39m   it.each([undefined, 101, "100", -9])("request code %s cannot issue a…
    [90m 59|[39m     [34manswer[39m({ data[33m:[39m { code[33m,[39m authority }[33m,[39m errors[33m:[39m [] })[33m;[39m
    [90m 60|[39m     await expect(requestZarinpalPayment(request)).rejects.toBeInstance…
    [90m   |[39m                                                  [31m^[39m
    [90m 61|[39m   })[33m;[39m
    [90m 62|[39m   it.each(["", " ", "S", `A${"0".repeat(35)}`, `S${"0".repeat(34)}`, `…

[31m[2m⎯⎯⎯⎯⎯⎯⎯⎯⎯⎯⎯⎯⎯⎯⎯⎯⎯⎯⎯⎯⎯⎯[13/42]⎯[22m[39m

[41m[1m FAIL [22m[49m tests/zarinpal-contract.test.ts[2m > [22mR12 gateway contract[2m > [22mrequest authority   is unusable
[31m[1mAssertionError[22m: promise resolved "{ authority: ' ', …(1) }" instead of rejecting[39m

[32m- Expected[39m
[31m+ Received[39m

[32m- Error {[39m
[32m-   "message": "rejected promise",[39m
[31m+ {[39m
[31m+   "authority": " ",[39m
[31m+   "paymentUrl": "https://sandbox.zarinpal.com/pg/StartPay/ ",[39m
[2m  }[22m

[36m [2m❯[22m tests/zarinpal-contract.test.ts:[2m64:50[22m[39m
    [90m 62|[39m   it.each(["", " ", "S", `A${"0".repeat(35)}`, `S${"0".repeat(34)}`, `…
    [90m 63|[39m     [34manswer[39m({ data[33m:[39m { code[33m:[39m [34m100[39m[33m,[39m authority[33m:[39m value }[33m,[39m errors[33m:[39m [] })[33m;[39m
    [90m 64|[39m     await expect(requestZarinpalPayment(request)).rejects.toBeInstance…
    [90m   |[39m                                                  [31m^[39m
    [90m 65|[39m   })[33m;[39m
    [90m 66|[39m   [34mit[39m([32m"uses the documented mixed-case sandbox authority"[39m[33m,[39m [35masync[39m () [33m=>[39m {

[31m[2m⎯⎯⎯⎯⎯⎯⎯⎯⎯⎯⎯⎯⎯⎯⎯⎯⎯⎯⎯⎯⎯⎯[14/42]⎯[22m[39m

[41m[1m FAIL [22m[49m tests/zarinpal-contract.test.ts[2m > [22mR12 gateway contract[2m > [22mrequest authority S is unusable
[31m[1mAssertionError[22m: promise resolved "{ authority: 'S', …(1) }" instead of rejecting[39m

[32m- Expected[39m
[31m+ Received[39m

[32m- Error {[39m
[32m-   "message": "rejected promise",[39m
[31m+ {[39m
[31m+   "authority": "S",[39m
[31m+   "paymentUrl": "https://sandbox.zarinpal.com/pg/StartPay/S",[39m
[2m  }[22m

[36m [2m❯[22m tests/zarinpal-contract.test.ts:[2m64:50[22m[39m
    [90m 62|[39m   it.each(["", " ", "S", `A${"0".repeat(35)}`, `S${"0".repeat(34)}`, `…
    [90m 63|[39m     [34manswer[39m({ data[33m:[39m { code[33m:[39m [34m100[39m[33m,[39m authority[33m:[39m value }[33m,[39m errors[33m:[39m [] })[33m;[39m
    [90m 64|[39m     await expect(requestZarinpalPayment(request)).rejects.toBeInstance…
    [90m   |[39m                                                  [31m^[39m
    [90m 65|[39m   })[33m;[39m
    [90m 66|[39m   [34mit[39m([32m"uses the documented mixed-case sandbox authority"[39m[33m,[39m [35masync[39m () [33m=>[39m {

[31m[2m⎯⎯⎯⎯⎯⎯⎯⎯⎯⎯⎯⎯⎯⎯⎯⎯⎯⎯⎯⎯⎯⎯[15/42]⎯[22m[39m

[41m[1m FAIL [22m[49m tests/zarinpal-contract.test.ts[2m > [22mR12 gateway contract[2m > [22mrequest authority A00000000000000000000000000000000000 is unusable
[31m[1mAssertionError[22m: promise resolved "{ …(2) }" instead of rejecting[39m

[32m- Expected[39m
[31m+ Received[39m

[32m- Error {[39m
[32m-   "message": "rejected promise",[39m
[31m+ {[39m
[31m+   "authority": "A00000000000000000000000000000000000",[39m
[31m+   "paymentUrl": "https://sandbox.zarinpal.com/pg/StartPay/A00000000000000000000000000000000000",[39m
[2m  }[22m

[36m [2m❯[22m tests/zarinpal-contract.test.ts:[2m64:50[22m[39m
    [90m 62|[39m   it.each(["", " ", "S", `A${"0".repeat(35)}`, `S${"0".repeat(34)}`, `…
    [90m 63|[39m     [34manswer[39m({ data[33m:[39m { code[33m:[39m [34m100[39m[33m,[39m authority[33m:[39m value }[33m,[39m errors[33m:[39m [] })[33m;[39m
    [90m 64|[39m     await expect(requestZarinpalPayment(request)).rejects.toBeInstance…
    [90m   |[39m                                                  [31m^[39m
    [90m 65|[39m   })[33m;[39m
    [90m 66|[39m   [34mit[39m([32m"uses the documented mixed-case sandbox authority"[39m[33m,[39m [35masync[39m () [33m=>[39m {

[31m[2m⎯⎯⎯⎯⎯⎯⎯⎯⎯⎯⎯⎯⎯⎯⎯⎯⎯⎯⎯⎯⎯⎯[16/42]⎯[22m[39m

[41m[1m FAIL [22m[49m tests/zarinpal-contract.test.ts[2m > [22mR12 gateway contract[2m > [22mrequest authority S0000000000000000000000000000000000 is unusable
[31m[1mAssertionError[22m: promise resolved "{ …(2) }" instead of rejecting[39m

[32m- Expected[39m
[31m+ Received[39m

[32m- Error {[39m
[32m-   "message": "rejected promise",[39m
[31m+ {[39m
[31m+   "authority": "S0000000000000000000000000000000000",[39m
[31m+   "paymentUrl": "https://sandbox.zarinpal.com/pg/StartPay/S0000000000000000000000000000000000",[39m
[2m  }[22m

[36m [2m❯[22m tests/zarinpal-contract.test.ts:[2m64:50[22m[39m
    [90m 62|[39m   it.each(["", " ", "S", `A${"0".repeat(35)}`, `S${"0".repeat(34)}`, `…
    [90m 63|[39m     [34manswer[39m({ data[33m:[39m { code[33m:[39m [34m100[39m[33m,[39m authority[33m:[39m value }[33m,[39m errors[33m:[39m [] })[33m;[39m
    [90m 64|[39m     await expect(requestZarinpalPayment(request)).rejects.toBeInstance…
    [90m   |[39m                                                  [31m^[39m
    [90m 65|[39m   })[33m;[39m
    [90m 66|[39m   [34mit[39m([32m"uses the documented mixed-case sandbox authority"[39m[33m,[39m [35masync[39m () [33m=>[39m {

[31m[2m⎯⎯⎯⎯⎯⎯⎯⎯⎯⎯⎯⎯⎯⎯⎯⎯⎯⎯⎯⎯⎯⎯[17/42]⎯[22m[39m

[41m[1m FAIL [22m[49m tests/zarinpal-contract.test.ts[2m > [22mR12 gateway contract[2m > [22mrequest authority S000000000000000000000000000000000000 is unusable
[31m[1mAssertionError[22m: promise resolved "{ …(2) }" instead of rejecting[39m

[32m- Expected[39m
[31m+ Received[39m

[32m- Error {[39m
[32m-   "message": "rejected promise",[39m
[31m+ {[39m
[31m+   "authority": "S000000000000000000000000000000000000",[39m
[31m+   "paymentUrl": "https://sandbox.zarinpal.com/pg/StartPay/S000000000000000000000000000000000000",[39m
[2m  }[22m

[36m [2m❯[22m tests/zarinpal-contract.test.ts:[2m64:50[22m[39m
    [90m 62|[39m   it.each(["", " ", "S", `A${"0".repeat(35)}`, `S${"0".repeat(34)}`, `…
    [90m 63|[39m     [34manswer[39m({ data[33m:[39m { code[33m:[39m [34m100[39m[33m,[39m authority[33m:[39m value }[33m,[39m errors[33m:[39m [] })[33m;[39m
    [90m 64|[39m     await expect(requestZarinpalPayment(request)).rejects.toBeInstance…
    [90m   |[39m                                                  [31m^[39m
    [90m 65|[39m   })[33m;[39m
    [90m 66|[39m   [34mit[39m([32m"uses the documented mixed-case sandbox authority"[39m[33m,[39m [35masync[39m () [33m=>[39m {

[31m[2m⎯⎯⎯⎯⎯⎯⎯⎯⎯⎯⎯⎯⎯⎯⎯⎯⎯⎯⎯⎯⎯⎯[18/42]⎯[22m[39m

[41m[1m FAIL [22m[49m tests/zarinpal-contract.test.ts[2m > [22mR12 gateway contract[2m > [22mrequest authority S/////////////////////////////////// is unusable
[31m[1mAssertionError[22m: promise resolved "{ …(2) }" instead of rejecting[39m

[32m- Expected[39m
[31m+ Received[39m

[32m- Error {[39m
[32m-   "message": "rejected promise",[39m
[31m+ {[39m
[31m+   "authority": "S///////////////////////////////////",[39m
[31m+   "paymentUrl": "https://sandbox.zarinpal.com/pg/StartPay/S///////////////////////////////////",[39m
[2m  }[22m

[36m [2m❯[22m tests/zarinpal-contract.test.ts:[2m64:50[22m[39m
    [90m 62|[39m   it.each(["", " ", "S", `A${"0".repeat(35)}`, `S${"0".repeat(34)}`, `…
    [90m 63|[39m     [34manswer[39m({ data[33m:[39m { code[33m:[39m [34m100[39m[33m,[39m authority[33m:[39m value }[33m,[39m errors[33m:[39m [] })[33m;[39m
    [90m 64|[39m     await expect(requestZarinpalPayment(request)).rejects.toBeInstance…
    [90m   |[39m                                                  [31m^[39m
    [90m 65|[39m   })[33m;[39m
    [90m 66|[39m   [34mit[39m([32m"uses the documented mixed-case sandbox authority"[39m[33m,[39m [35masync[39m () [33m=>[39m {

[31m[2m⎯⎯⎯⎯⎯⎯⎯⎯⎯⎯⎯⎯⎯⎯⎯⎯⎯⎯⎯⎯⎯⎯[19/42]⎯[22m[39m

[41m[1m FAIL [22m[49m tests/zarinpal-contract.test.ts[2m > [22mR12 gateway contract[2m > [22mrequest authority S??????????????????????????????????? is unusable
[31m[1mAssertionError[22m: promise resolved "{ …(2) }" instead of rejecting[39m

[32m- Expected[39m
[31m+ Received[39m

[32m- Error {[39m
[32m-   "message": "rejected promise",[39m
[31m+ {[39m
[31m+   "authority": "S???????????????????????????????????",[39m
[31m+   "paymentUrl": "https://sandbox.zarinpal.com/pg/StartPay/S???????????????????????????????????",[39m
[2m  }[22m

[36m [2m❯[22m tests/zarinpal-contract.test.ts:[2m64:50[22m[39m
    [90m 62|[39m   it.each(["", " ", "S", `A${"0".repeat(35)}`, `S${"0".repeat(34)}`, `…
    [90m 63|[39m     [34manswer[39m({ data[33m:[39m { code[33m:[39m [34m100[39m[33m,[39m authority[33m:[39m value }[33m,[39m errors[33m:[39m [] })[33m;[39m
    [90m 64|[39m     await expect(requestZarinpalPayment(request)).rejects.toBeInstance…
    [90m   |[39m                                                  [31m^[39m
    [90m 65|[39m   })[33m;[39m
    [90m 66|[39m   [34mit[39m([32m"uses the documented mixed-case sandbox authority"[39m[33m,[39m [35masync[39m () [33m=>[39m {

[31m[2m⎯⎯⎯⎯⎯⎯⎯⎯⎯⎯⎯⎯⎯⎯⎯⎯⎯⎯⎯⎯⎯⎯[20/42]⎯[22m[39m

[41m[1m FAIL [22m[49m tests/zarinpal-contract.test.ts[2m > [22mR12 gateway contract[2m > [22minvalid outbound authority and amount never reach the provider
[31m[1mAssertionError[22m: promise resolved "{ referenceId: '201' }" instead of rejecting[39m

[32m- Expected[39m
[31m+ Received[39m

[32m- Error {[39m
[32m-   "message": "rejected promise",[39m
[31m+ {[39m
[31m+   "referenceId": "201",[39m
[2m  }[22m

[36m [2m❯[22m tests/zarinpal-contract.test.ts:[2m72:75[22m[39m
    [90m 70|[39m   it("invalid outbound authority and amount never reach the provider",…
    [90m 71|[39m     [35mconst[39m f [33m=[39m [34manswer[39m({ data[33m:[39m { code[33m:[39m [34m100[39m[33m,[39m ref_id[33m:[39m [34m201[39m }[33m,[39m errors[33m:[39m [] })[33m;[39m
    [90m 72|[39m     await expect(verifyZarinpalPayment({ ...input, authority: "forged"…
    [90m   |[39m                                                                           [31m^[39m
    [90m 73|[39m     await expect(verifyZarinpalPayment({ ...input, amountToman: 0 })).…
    [90m 74|[39m     await expect(requestZarinpalPayment({ ...request, amountToman: 1.5…

[31m[2m⎯⎯⎯⎯⎯⎯⎯⎯⎯⎯⎯⎯⎯⎯⎯⎯⎯⎯⎯⎯⎯⎯[21/42]⎯[22m[39m


[2m Test Files [22m [1m[31m1 failed[39m[22m[90m (1)[39m
[2m      Tests [22m [1m[31m42 failed[39m[22m[2m | [22m[1m[32m21 passed[39m[22m[90m (63)[39m
[2m   Start at [22m 09:26:21
[2m   Duration [22m 1.26s[2m (transform 34ms, setup 0ms, import 48ms, tests 1.05s, environment 0ms)[22m

