(!) Your Vite config uses features that are unsupported by `configLoader: 'native'`, which is planned to become the default in a future major version of Vite:
  - ESM syntax in a file loaded as CommonJS (vitest.config.ts:1:1). Use a `.mjs` extension or set `"type": "module"` in the closest package.json
Set `VITE_CONFIG_NATIVE_IGNORE_WARNING=true` to suppress this warning.
(node:71790) [DEP0205] DeprecationWarning: `module.register()` is deprecated. Use `module.registerHooks()` instead.
(Use `node --trace-deprecation ...` to show where the warning was created)

[1m[30m[46m RUN [49m[39m[22m [36mv4.1.11 [39m[90m/private/var/folders/g_/f5ccnp_51q15by15f4svlw6c0000gn/T/sana-phase1-wav4dncb/source[39m

 [31m❯[39m tests/payment-callback.test.ts [2m([22m[2m12 tests[22m[2m | [22m[31m5 failed[39m[2m)[22m[32m 111[2mms[22m[39m
     [32m✓[39m verifies matching callbacks and redirects to the success return page[32m 66[2mms[22m[39m
     [32m✓[39m does not downgrade a verified payment when notification delivery fails[32m 1[2mms[22m[39m
[31m     [31m×[31m treats already verified callbacks as successful without duplicate verification or history[39m[32m 14[2mms[22m[39m
     [32m✓[39m keeps a rejected authority uncertain without proving final nonpayment[32m 1[2mms[22m[39m
[31m     [31m×[31m keeps the attempt open and reports pending when the gateway gives no trustworthy answer[39m[32m 1[2mms[22m[39m
[31m     [31m×[31m never marks a gateway-confirmed payment failed when persisting it fails[39m[32m 11[2mms[22m[39m
[31m     [31m×[31m lets only one of two concurrent deliveries write history and notify[39m[32m 2[2mms[22m[39m
[31m     [31m×[31m does not verify a second capture when the application already has a verified payment[39m[32m 1[2mms[22m[39m
     [32m✓[39m marks cancelled active payments failed and returns the application to draft[32m 4[2mms[22m[39m
     [32m✓[39m does not downgrade stale failed callbacks after review has started[32m 1[2mms[22m[39m
     [32m✓[39m does not return the application to draft for an old failed callback after a retry started[32m 5[2mms[22m[39m
     [32m✓[39m does not return the application to draft for an old failed callback after another payment was verified[32m 1[2mms[22m[39m
[90mstdout[2m | tests/payment-action.test.ts[2m > [22m[2mpayment action[2m > [22m[2mstarts payment only after server-side final validation passes
[22m[39m{"level":"info","event":"payment_start_requested","applicationId":"app_1","paymentId":"pay_1","amountToman":3000000}

[90mstdout[2m | tests/payment-action.test.ts[2m > [22m[2mpayment action[2m > [22m[2mstarts payment only after server-side final validation passes
[22m[39m{"level":"info","event":"payment_start_succeeded","applicationId":"app_1","paymentId":"pay_1"}

[90mstdout[2m | tests/payment-action.test.ts[2m > [22m[2mpayment action[2m > [22m[2mpreserves uncertain request instead of marking it failed
[22m[39m{"level":"info","event":"payment_start_requested","applicationId":"app_1","paymentId":"pay_1","amountToman":3000000}

[90mstderr[2m | tests/payment-action.test.ts[2m > [22m[2mpayment action[2m > [22m[2mpreserves uncertain request instead of marking it failed
[22m[39m{"level":"error","event":"payment_start_failed","applicationId":"app_1","paymentId":"pay_1","error":{"name":"Error","message":"provider down","stack":"Error: provider down\n    at /private/var/folders/g_/f5ccnp_51q15by15f4svlw6c0000gn/T/sana-phase1-wav4dncb/source/tests/payment-action.test.ts:144:52\n    at file:///private/var/folders/g_/f5ccnp_51q15by15f4svlw6c0000gn/T/sana-phase1-wav4dncb/source/node_modules/@vitest/runner/dist/chunk-artifact.js:302:11\n    at file:///private/var/folders/g_/f5ccnp_51q15by15f4svlw6c0000gn/T/sana-phase1-wav4dncb/source/node_modules/@vitest/runner/dist/chunk-artifact.js:1903:26\n    at file:///private/var/folders/g_/f5ccnp_51q15by15f4svlw6c0000gn/T/sana-phase1-wav4dncb/source/node_modules/@vitest/runner/dist/chunk-artifact.js:2326:20\n    at new Promise (<anonymous>)\n    at runWithCancel (file:///private/var/folders/g_/f5ccnp_51q15by15f4svlw6c0000gn/T/sana-phase1-wav4dncb/source/node_modules/@vitest/runner/dist/chunk-artifact.js:2323:10)\n    at file:///private/var/folders/g_/f5ccnp_51q15by15f4svlw6c0000gn/T/sana-phase1-wav4dncb/source/node_modules/@vitest/runner/dist/chunk-artifact.js:2305:20\n    at new Promise (<anonymous>)\n    at runWithTimeout (file:///private/var/folders/g_/f5ccnp_51q15by15f4svlw6c0000gn/T/sana-phase1-wav4dncb/source/node_modules/@vitest/runner/dist/chunk-artifact.js:2272:10)\n    at file:///private/var/folders/g_/f5ccnp_51q15by15f4svlw6c0000gn/T/sana-phase1-wav4dncb/source/node_modules/@vitest/runner/dist/chunk-artifact.js:2956:64"}}

[90mstdout[2m | tests/payment-action.test.ts[2m > [22m[2mpayment action[2m > [22m[2msubmits corrections without repayment when a needs-edit application already has verified payment
[22m[39m{"level":"info","event":"application_resubmitted_without_payment","applicationId":"app_1"}

[90mstdout[2m | tests/payment-action.test.ts[2m > [22m[2mpayment action[2m > [22m[2mcompletes the submission without a new charge when the open attempt was already paid at the gateway
[22m[39m{"level":"info","event":"payment_verification_succeeded","paymentId":"old_pay","referenceId":"ref_old"}

[90mstderr[2m | tests/payment-action.test.ts[2m > [22m[2mpayment action[2m > [22m[2mcompletes the submission without a new charge when the open attempt was already paid at the gateway
[22m[39m{"level":"warn","event":"admin_submission_notification_skipped","applicationId":"app_1","reason":"missing_admin_alert_mobile"}

[90mstdout[2m | tests/payment-action.test.ts[2m > [22m[2mpayment action[2m > [22m[2mcompletes the submission without a new charge when the open attempt was already paid at the gateway
[22m[39m{"level":"info","event":"user_submission_notification_sent","applicationId":"app_1"}

 [31m❯[39m tests/payment-action.test.ts [2m([22m[2m10 tests[22m[2m | [22m[31m1 failed[39m[2m)[22m[32m 163[2mms[22m[39m
     [32m✓[39m starts payment only after server-side final validation passes[32m 147[2mms[22m[39m
     [32m✓[39m does not create a payment request when final validation fails[32m 1[2mms[22m[39m
     [32m✓[39m preserves uncertain request instead of marking it failed[32m 3[2mms[22m[39m
     [32m✓[39m submits corrections without repayment when a needs-edit application already has verified payment[32m 1[2mms[22m[39m
     [32m✓[39m blocks another authority for uncertain existing history: retries a pending payment by failing previous initiated attempts and creating a fresh request[32m 1[2mms[22m[39m
[31m     [31m×[31m completes the submission without a new charge when the open attempt was already paid at the gateway[39m[32m 4[2mms[22m[39m
     [32m✓[39m refuses to start a second charge while the open attempt cannot be verified[32m 1[2mms[22m[39m
     [32m✓[39m blocks another authority for uncertain existing history: closes an open attempt the gateway rejects and then starts a fresh request[32m 1[2mms[22m[39m
     [32m✓[39m does not create another payment when a verified payment already exists[32m 1[2mms[22m[39m
     [32m✓[39m blocks another authority for uncertain existing history: returns a pending-payment retry to draft when the fresh gateway request fails[32m 1[2mms[22m[39m
[90mstderr[2m | tests/facilities-payment-action.test.ts[2m > [22m[2mfacilities payment and submission actions[2m > [22m[2mrecords the verified payment even when the submission step fails, and reports success
[22m[39m{"level":"error","event":"facilities_post_verify_submission_failed","paymentAttemptId":"pay_1","applicationId":"app_1","error":{"name":"Error","message":"همه اطلاعات و مدارک الزامی باید کامل و بررسی‌شده باشند.","stack":"Error: همه اطلاعات و مدارک الزامی باید کامل و بررسی‌شده باشند.\n    at /private/var/folders/g_/f5ccnp_51q15by15f4svlw6c0000gn/T/sana-phase1-wav4dncb/source/lib/actions/facilities-payment.ts:278:35\n    at processTicksAndRejections (node:internal/process/task_queues:104:5)"}}

[90mstderr[2m | tests/facilities-payment-action.test.ts[2m > [22m[2mfacilities payment and submission actions[2m > [22m[2mrecords a late capture when the gateway confirms an attempt that was already closed, and submits
[22m[39m{"level":"warn","event":"facilities_payment_late_capture_recorded","paymentAttemptId":"pay_1","applicationId":"app_1","previousStatus":"FAILED"}

 [31m❯[39m tests/facilities-payment-action.test.ts [2m([22m[2m21 tests[22m[2m | [22m[31m7 failed[39m[2m)[22m[32m 193[2mms[22m[39m
     [32m✓[39m uses the pinned server amount and creates only one payment handoff[32m 168[2mms[22m[39m
     [32m✓[39m requires the confirmation checkbox before an enabled payment[32m 1[2mms[22m[39m
     [32m✓[39m submits directly without a checkbox when payment is disabled[32m 1[2mms[22m[39m
[31m     [31m×[31m reuses an existing redirect instead of creating a duplicate payment[39m[32m 6[2mms[22m[39m
     [32m✓[39m rejects forged callback authorities before contacting the gateway[32m 1[2mms[22m[39m
     [32m✓[39m does not verify an already verified callback twice[32m 1[2mms[22m[39m
     [32m✓[39m records the verified payment even when the submission step fails, and reports success[32m 2[2mms[22m[39m
[31m     [31m×[31m keeps the attempt open when the gateway answers a verify with 5xx, but closes it on an explicit rejection[39m[32m 1[2mms[22m[39m
[31m     [31m×[31m does not ask the gateway about a closed attempt when the callback itself is not OK[39m[32m 1[2mms[22m[39m
     [32m✓[39m records a late capture when the gateway confirms an attempt that was already closed, and submits[32m 1[2mms[22m[39m
[31m     [31m×[31m leaves a closed attempt closed when the gateway rejects it, and flags it when the gateway is unreachable[39m[32m 1[2mms[22m[39m
[31m     [31m×[31m never verifies a second capture when the application already holds a verified payment[39m[32m 1[2mms[22m[39m
[31m     [31m×[31m fails a stale attempt that never reached the gateway and returns the application to draft[39m[32m 1[2mms[22m[39m
     [32m✓[39m re-verifies a stale attempt that reached the gateway and submits when the gateway confirms it[32m 1[2mms[22m[39m
     [32m✓[39m keeps a stale attempt pending when the gateway cannot be reached during re-verification[32m 1[2mms[22m[39m
[31m     [31m×[31m starts a fresh attempt when the application awaits payment with no open attempt[39m[32m 1[2mms[22m[39m
     [32m✓[39m verifies the gateway amount from the payment row and submits atomically[32m 1[2mms[22m[39m
     [32m✓[39m accepts a delayed successful callback after a timeout without starting another payment[32m 2[2mms[22m[39m
     [32m✓[39m resubmits an open correction with the verified payment and preserves submittedAt[32m 1[2mms[22m[39m
     [32m✓[39m rejects a correction resubmit when nothing was uploaded since the correction was opened[32m 0[2mms[22m[39m
     [32m✓[39m resubmits a correction once a company-profile document was replaced, even with no application-file change[32m 1[2mms[22m[39m

[31m⎯⎯⎯⎯⎯⎯[39m[1m[41m Failed Tests 13 [49m[22m[31m⎯⎯⎯⎯⎯⎯⎯[39m

[41m[1m FAIL [22m[49m tests/facilities-payment-action.test.ts[2m > [22mfacilities payment and submission actions[2m > [22mreuses an existing redirect instead of creating a duplicate payment
[31m[1mAssertionError[22m: expected { ok: true, state: 'pending', …(1) } to deeply equal { ok: true, state: 'redirect', …(1) }[39m

[32m- Expected[39m
[31m+ Received[39m

[2m  {[22m
[31m+   "message": "نتیجه پرداخت شما هنوز مشخص نشده است. لطفاً دوباره پرداخت نکنید. اگر وضعیت تغییر نکرد، برای پیگیری با پشتیبانی تماس بگیرید.",[39m
[2m    "ok": true,[22m
[32m-   "redirectTo": "https://sandbox.zarinpal.com/pg/StartPay/auth_existing",[39m
[32m-   "state": "redirect",[39m
[31m+   "state": "pending",[39m
[2m  }[22m

[36m [2m❯[22m tests/facilities-payment-action.test.ts:[2m111:86[22m[39m


[31m[2m⎯⎯⎯⎯⎯⎯⎯⎯⎯⎯⎯⎯⎯⎯⎯⎯⎯⎯⎯⎯⎯⎯⎯[1/13]⎯[22m[39m

[41m[1m FAIL [22m[49m tests/facilities-payment-action.test.ts[2m > [22mfacilities payment and submission actions[2m > [22mkeeps the attempt open when the gateway answers a verify with 5xx, but closes it on an explicit rejection
[31m[1mAssertionError[22m: expected { state: 'pending' } to deeply equal { state: 'failed' }[39m

[32m- Expected[39m
[31m+ Received[39m

[2m  {[22m
[32m-   "state": "failed",[39m
[31m+   "state": "pending",[39m
[2m  }[22m

[36m [2m❯[22m tests/facilities-payment-action.test.ts:[2m163:116[22m[39m


[31m[2m⎯⎯⎯⎯⎯⎯⎯⎯⎯⎯⎯⎯⎯⎯⎯⎯⎯⎯⎯⎯⎯⎯⎯[2/13]⎯[22m[39m

[41m[1m FAIL [22m[49m tests/facilities-payment-action.test.ts[2m > [22mfacilities payment and submission actions[2m > [22mdoes not ask the gateway about a closed attempt when the callback itself is not OK
[31m[1mAssertionError[22m: expected { state: 'pending' } to deeply equal { state: 'failed' }[39m

[32m- Expected[39m
[31m+ Received[39m

[2m  {[22m
[32m-   "state": "failed",[39m
[31m+   "state": "pending",[39m
[2m  }[22m

[36m [2m❯[22m tests/facilities-payment-action.test.ts:[2m170:117[22m[39m


[31m[2m⎯⎯⎯⎯⎯⎯⎯⎯⎯⎯⎯⎯⎯⎯⎯⎯⎯⎯⎯⎯⎯⎯⎯[3/13]⎯[22m[39m

[41m[1m FAIL [22m[49m tests/facilities-payment-action.test.ts[2m > [22mfacilities payment and submission actions[2m > [22mleaves a closed attempt closed when the gateway rejects it, and flags it when the gateway is unreachable
[31m[1mAssertionError[22m: expected { state: 'pending' } to deeply equal { state: 'failed' }[39m

[32m- Expected[39m
[31m+ Received[39m

[2m  {[22m
[32m-   "state": "failed",[39m
[31m+   "state": "pending",[39m
[2m  }[22m

[36m [2m❯[22m tests/facilities-payment-action.test.ts:[2m197:116[22m[39m
    [90m195|[39m
    [90m196|[39m     mocks.verifyZarinpalPayment.mockRejectedValue(new ZarinpalRejected…
    [90m197|[39m     await expect(verifyFacilitiesPaymentCallback({ paymentId: "pay_1",…
    [90m   |[39m                                                                                                                    [31m^[39m
    [90m198|[39m     expect(mocks.db.facilitiesPaymentAttempt.update).not.toHaveBeenCal…
    [90m199|[39m

[31m[2m⎯⎯⎯⎯⎯⎯⎯⎯⎯⎯⎯⎯⎯⎯⎯⎯⎯⎯⎯⎯⎯⎯⎯[4/13]⎯[22m[39m

[41m[1m FAIL [22m[49m tests/facilities-payment-action.test.ts[2m > [22mfacilities payment and submission actions[2m > [22mnever verifies a second capture when the application already holds a verified payment
[31m[1mAssertionError[22m: expected { state: 'pending' } to deeply equal { state: 'success' }[39m

[32m- Expected[39m
[31m+ Received[39m

[2m  {[22m
[32m-   "state": "success",[39m
[31m+   "state": "pending",[39m
[2m  }[22m

[36m [2m❯[22m tests/facilities-payment-action.test.ts:[2m211:116[22m[39m
    [90m209|[39m     const { verifyFacilitiesPaymentCallback } = await import("@/lib/ac…
    [90m210|[39m
    [90m211|[39m     await expect(verifyFacilitiesPaymentCallback({ paymentId: "pay_b",…
    [90m   |[39m                                                                                                                    [31m^[39m
    [90m212|[39m
    [90m213|[39m     [34mexpect[39m(mocks[33m.[39mverifyZarinpalPayment)[33m.[39mnot[33m.[39m[34mtoHaveBeenCalled[39m()[33m;[39m

[31m[2m⎯⎯⎯⎯⎯⎯⎯⎯⎯⎯⎯⎯⎯⎯⎯⎯⎯⎯⎯⎯⎯⎯⎯[5/13]⎯[22m[39m

[41m[1m FAIL [22m[49m tests/facilities-payment-action.test.ts[2m > [22mfacilities payment and submission actions[2m > [22mfails a stale attempt that never reached the gateway and returns the application to draft
[31m[1mAssertionError[22m: expected { ok: true, state: 'pending', …(1) } to match object { ok: false, state: 'failed' }
(1 matching property omitted from actual)[39m

[32m- Expected[39m
[31m+ Received[39m

[2m  {[22m
[32m-   "ok": false,[39m
[32m-   "state": "failed",[39m
[31m+   "ok": true,[39m
[31m+   "state": "pending",[39m
[2m  }[22m

[36m [2m❯[22m tests/facilities-payment-action.test.ts:[2m223:86[22m[39m


[31m[2m⎯⎯⎯⎯⎯⎯⎯⎯⎯⎯⎯⎯⎯⎯⎯⎯⎯⎯⎯⎯⎯⎯⎯[6/13]⎯[22m[39m

[41m[1m FAIL [22m[49m tests/facilities-payment-action.test.ts[2m > [22mfacilities payment and submission actions[2m > [22mstarts a fresh attempt when the application awaits payment with no open attempt
[31m[1mAssertionError[22m: expected { ok: true, state: 'pending', …(1) } to match object { ok: true, state: 'redirect' }
(1 matching property omitted from actual)[39m

[32m- Expected[39m
[31m+ Received[39m

[2m  {[22m
[2m    "ok": true,[22m
[32m-   "state": "redirect",[39m
[31m+   "state": "pending",[39m
[2m  }[22m

[36m [2m❯[22m tests/facilities-payment-action.test.ts:[2m261:86[22m[39m
    [90m259|[39m       .mockResolvedValue(application({ status: "DRAFT", payments: clos…
    [90m260|[39m     const { startFacilitiesPayment } = await import("@/lib/actions/fac…
    [90m261|[39m     await expect(startFacilitiesPayment({ applicationId: "app_1", conf…
    [90m   |[39m                                                                                      [31m^[39m
    [90m262|[39m     expect(mocks.db.facilitiesApplication.update).toHaveBeenCalledWith…
    [90m263|[39m     expect(mocks.db.facilitiesPaymentAttempt.create).toHaveBeenCalledO…

[31m[2m⎯⎯⎯⎯⎯⎯⎯⎯⎯⎯⎯⎯⎯⎯⎯⎯⎯⎯⎯⎯⎯⎯⎯[7/13]⎯[22m[39m

[41m[1m FAIL [22m[49m tests/payment-action.test.ts[2m > [22mpayment action[2m > [22mcompletes the submission without a new charge when the open attempt was already paid at the gateway
[31m[1mAssertionError[22m: expected "vi.fn()" to be called with arguments: [ ObjectContaining{…} ][90m

Received:

[1m  1st vi.fn() call:

[22m[2m  [[22m
[32m-   ObjectContaining {[90m
[32m-     "data": ObjectContaining {[90m
[31m+   {[90m
[31m+     "data": {[90m
[2m        "status": "SUBMITTED",[22m
[31m+       "submittedAt": 2026-09-18T16:40:31.183Z,[90m
[2m      },[22m
[2m      "where": {[22m
[32m-       "id": "app_1",[90m
[31m+       "id": undefined,[90m
[2m      },[22m
[2m    },[22m
[2m  ][22m
[31m[90m

Number of calls: [1m1[22m
[31m[39m
[36m [2m❯[22m tests/payment-action.test.ts:[2m201:41[22m[39m
    [90m199|[39m       expect.objectContaining({ where: { id: "old_pay", status: { not:…
    [90m200|[39m     )[33m;[39m
    [90m201|[39m     [34mexpect[39m(mocks[33m.[39mdb[33m.[39mapplication[33m.[39mupdate)[33m.[39m[34mtoHaveBeenCalledWith[39m(
    [90m   |[39m                                         [31m^[39m
    [90m202|[39m       expect.objectContaining({ where: { id: "app_1" }, data: expect.o…
    [90m203|[39m     )[33m;[39m

[31m[2m⎯⎯⎯⎯⎯⎯⎯⎯⎯⎯⎯⎯⎯⎯⎯⎯⎯⎯⎯⎯⎯⎯⎯[8/13]⎯[22m[39m

[41m[1m FAIL [22m[49m tests/payment-callback.test.ts[2m > [22mpayment callback route[2m > [22mtreats already verified callbacks as successful without duplicate verification or history
[31m[1mAssertionError[22m: expected "vi.fn()" to not be called at all, but actually been called 1 times[90m

Received:

[1m  1st vi.fn() call:

[22m    Array [
      "app_1",
    ]
[31m[90m

Number of calls: [1m1[22m
[31m[39m
[36m [2m❯[22m tests/payment-callback.test.ts:[2m171:47[22m[39m
    [90m169|[39m     [34mexpect[39m(mocks[33m.[39mverifyZarinpalPayment)[33m.[39mnot[33m.[39m[34mtoHaveBeenCalled[39m()[33m;[39m
    [90m170|[39m     [34mexpect[39m(mocks[33m.[39mdb[33m.[39mstatusHistory[33m.[39mcreate)[33m.[39mnot[33m.[39m[34mtoHaveBeenCalled[39m()[33m;[39m
    [90m171|[39m     [34mexpect[39m(mocks[33m.[39mnotifyAdminOfSubmission)[33m.[39mnot[33m.[39m[34mtoHaveBeenCalled[39m()[33m;[39m
    [90m   |[39m                                               [31m^[39m
    [90m172|[39m   })[33m;[39m
    [90m173|[39m

[31m[2m⎯⎯⎯⎯⎯⎯⎯⎯⎯⎯⎯⎯⎯⎯⎯⎯⎯⎯⎯⎯⎯⎯⎯[9/13]⎯[22m[39m

[41m[1m FAIL [22m[49m tests/payment-callback.test.ts[2m > [22mpayment callback route[2m > [22mkeeps the attempt open and reports pending when the gateway gives no trustworthy answer
[31m[1mAssertionError[22m: expected "vi.fn()" to not be called at all, but actually been called 1 times[90m

Received:

[1m  1st vi.fn() call:

[22m    Array [
      [Function anonymous],
    ]
[31m[90m

Number of calls: [1m1[22m
[31m[39m
[36m [2m❯[22m tests/payment-callback.test.ts:[2m193:41[22m[39m
    [90m191|[39m       [34mexpect[39m(mocks[33m.[39mdb[33m.[39mpayment[33m.[39mupdate)[33m.[39mnot[33m.[39m[34mtoHaveBeenCalled[39m()[33m;[39m
    [90m192|[39m       [34mexpect[39m(mocks[33m.[39mdb[33m.[39mapplication[33m.[39mupdate)[33m.[39mnot[33m.[39m[34mtoHaveBeenCalled[39m()[33m;[39m
    [90m193|[39m       [34mexpect[39m(mocks[33m.[39mdb[33m.[39m$transaction)[33m.[39mnot[33m.[39m[34mtoHaveBeenCalled[39m()[33m;[39m
    [90m   |[39m                                         [31m^[39m
    [90m194|[39m       [34mexpect[39m(mocks[33m.[39mnotifyUserOfSubmission)[33m.[39mnot[33m.[39m[34mtoHaveBeenCalled[39m()[33m;[39m
    [90m195|[39m       expect(mocks.loggerError).toHaveBeenCalledWith("payment_verifica…

[31m[2m⎯⎯⎯⎯⎯⎯⎯⎯⎯⎯⎯⎯⎯⎯⎯⎯⎯⎯⎯⎯⎯⎯[10/13]⎯[22m[39m

[41m[1m FAIL [22m[49m tests/payment-callback.test.ts[2m > [22mpayment callback route[2m > [22mnever marks a gateway-confirmed payment failed when persisting it fails
[31m[1mAssertionError[22m: expected [Function] to throw error including 'NEXT_REDIRECT:/payment/return?status=…' but got 'connection reset'[39m

Expected: [32m"NEXT_REDIRECT:/payment/return?status=pending&paymentId=pay_1"[39m
Received: [31m"connection reset"[39m

[36m [2m❯[22m expectRedirect tests/payment-callback.test.ts:[2m77:38[22m[39m
    [90m 75|[39m   [35mconst[39m { [33mGET[39m } [33m=[39m [35mawait[39m [35mimport[39m([32m"@/app/api/payment/callback/route"[39m)[33m;[39m
    [90m 76|[39m
    [90m 77|[39m   await expect(GET(new Request(url))).rejects.toThrow(`NEXT_REDIRECT:$…
    [90m   |[39m                                      [31m^[39m
    [90m 78|[39m }
    [90m 79|[39m
[90m [2m❯[22m tests/payment-callback.test.ts:[2m202:5[22m[39m

[31m[2m⎯⎯⎯⎯⎯⎯⎯⎯⎯⎯⎯⎯⎯⎯⎯⎯⎯⎯⎯⎯⎯⎯[11/13]⎯[22m[39m

[41m[1m FAIL [22m[49m tests/payment-callback.test.ts[2m > [22mpayment callback route[2m > [22mlets only one of two concurrent deliveries write history and notify
[31m[1mAssertionError[22m: expected "vi.fn()" to be called 2 times, but got 1 times[39m
[36m [2m❯[22m tests/payment-callback.test.ts:[2m230:41[22m[39m
    [90m228|[39m     await expectRedirect(url, "/payment/return?status=success&paymentI…
    [90m229|[39m
    [90m230|[39m     [34mexpect[39m(mocks[33m.[39mverifyZarinpalPayment)[33m.[39m[34mtoHaveBeenCalledTimes[39m([34m2[39m)[33m;[39m
    [90m   |[39m                                         [31m^[39m
    [90m231|[39m     [34mexpect[39m(mocks[33m.[39mdb[33m.[39mstatusHistory[33m.[39mcreate)[33m.[39m[34mtoHaveBeenCalledOnce[39m()[33m;[39m
    [90m232|[39m     [34mexpect[39m(mocks[33m.[39mdb[33m.[39mapplication[33m.[39mupdate)[33m.[39m[34mtoHaveBeenCalledOnce[39m()[33m;[39m

[31m[2m⎯⎯⎯⎯⎯⎯⎯⎯⎯⎯⎯⎯⎯⎯⎯⎯⎯⎯⎯⎯⎯⎯[12/13]⎯[22m[39m

[41m[1m FAIL [22m[49m tests/payment-callback.test.ts[2m > [22mpayment callback route[2m > [22mdoes not verify a second capture when the application already has a verified payment
[31m[1mAssertionError[22m: expected "vi.fn()" to be called with arguments: [ ObjectContaining{…} ][90m

Number of calls: [1m0[22m
[31m[39m
[36m [2m❯[22m tests/payment-callback.test.ts:[2m261:37[22m[39m


[31m[2m⎯⎯⎯⎯⎯⎯⎯⎯⎯⎯⎯⎯⎯⎯⎯⎯⎯⎯⎯⎯⎯⎯[13/13]⎯[22m[39m


[2m Test Files [22m [1m[31m3 failed[39m[22m[90m (3)[39m
[2m      Tests [22m [1m[31m13 failed[39m[22m[2m | [22m[1m[32m30 passed[39m[22m[90m (43)[39m
[2m   Start at [22m 20:10:30
[2m   Duration [22m 603ms[2m (transform 625ms, setup 0ms, import 641ms, tests 466ms, environment 0ms)[22m

