#0 building with "desktop-linux" instance using docker driver

#1 [internal] load build definition from Dockerfile
#1 transferring dockerfile: 1.95kB 0.0s done
#1 DONE 0.1s

#2 [internal] load metadata for docker.io/library/node:22-alpine@sha256:b6f26b36c8ff49624cfdac716b8ea1138d606df02586a77d364bb5536a634f85
#2 DONE 5.5s

#3 [internal] load .dockerignore
#3 transferring context: 327B done
#3 DONE 0.0s

#4 [base 1/3] FROM docker.io/library/node:22-alpine@sha256:b6f26b36c8ff49624cfdac716b8ea1138d606df02586a77d364bb5536a634f85
#4 resolve docker.io/library/node:22-alpine@sha256:b6f26b36c8ff49624cfdac716b8ea1138d606df02586a77d364bb5536a634f85 done
#4 sha256:e2de96513ba9eb53b431787ec8a65cdde380ac4772a3e4c4b714dcfde2a102b5 0B / 3.85MB 0.1s
#4 sha256:1a3a899a8294dd12f21fb3f36579c74b05013aacbcf71d6db947dda5e1c59d06 0B / 55.68MB 0.1s
#4 sha256:ec179e2ee07230312183920d42bf49c2ef18644e3d7186ffa92b02dd2e26a835 0B / 1.26MB 0.1s
#4 sha256:b6f26b36c8ff49624cfdac716b8ea1138d606df02586a77d364bb5536a634f85 6.41kB / 6.41kB done
#4 sha256:b64da1de5a51067ab8e75f0bc8dbd0905d8894baa22261f439a4572f41291e50 1.72kB / 1.72kB done
#4 sha256:d8123cc242555fddfbc6735537cc6c78c3e33807fcf82b585c840e8cd36353d9 6.57kB / 6.57kB done
#4 ...

#5 [internal] load build context
#5 transferring context: 2.87MB 0.2s done
#5 DONE 0.2s

#4 [base 1/3] FROM docker.io/library/node:22-alpine@sha256:b6f26b36c8ff49624cfdac716b8ea1138d606df02586a77d364bb5536a634f85
#4 sha256:e2de96513ba9eb53b431787ec8a65cdde380ac4772a3e4c4b714dcfde2a102b5 1.05MB / 3.85MB 2.9s
#4 sha256:1a3a899a8294dd12f21fb3f36579c74b05013aacbcf71d6db947dda5e1c59d06 0B / 55.68MB 5.1s
#4 sha256:ec179e2ee07230312183920d42bf49c2ef18644e3d7186ffa92b02dd2e26a835 0B / 1.26MB 5.1s
#4 sha256:e2de96513ba9eb53b431787ec8a65cdde380ac4772a3e4c4b714dcfde2a102b5 2.10MB / 3.85MB 5.5s
#4 sha256:e2de96513ba9eb53b431787ec8a65cdde380ac4772a3e4c4b714dcfde2a102b5 3.15MB / 3.85MB 6.7s
#4 extracting sha256:e2de96513ba9eb53b431787ec8a65cdde380ac4772a3e4c4b714dcfde2a102b5
#4 sha256:e2de96513ba9eb53b431787ec8a65cdde380ac4772a3e4c4b714dcfde2a102b5 3.85MB / 3.85MB 8.6s done
#4 sha256:65213f1a3de84db18197276d9be6a34fad98eec70604aeaa6821556d932c2676 0B / 444B 8.6s
#4 extracting sha256:e2de96513ba9eb53b431787ec8a65cdde380ac4772a3e4c4b714dcfde2a102b5 0.1s done
#4 sha256:ec179e2ee07230312183920d42bf49c2ef18644e3d7186ffa92b02dd2e26a835 1.05MB / 1.26MB 9.1s
#4 sha256:65213f1a3de84db18197276d9be6a34fad98eec70604aeaa6821556d932c2676 444B / 444B 9.0s done
#4 sha256:ec179e2ee07230312183920d42bf49c2ef18644e3d7186ffa92b02dd2e26a835 1.26MB / 1.26MB 9.8s done
#4 sha256:1a3a899a8294dd12f21fb3f36579c74b05013aacbcf71d6db947dda5e1c59d06 2.10MB / 55.68MB 10.3s
#4 sha256:1a3a899a8294dd12f21fb3f36579c74b05013aacbcf71d6db947dda5e1c59d06 5.24MB / 55.68MB 15.2s
#4 sha256:1a3a899a8294dd12f21fb3f36579c74b05013aacbcf71d6db947dda5e1c59d06 5.24MB / 55.68MB 20.2s
#4 sha256:1a3a899a8294dd12f21fb3f36579c74b05013aacbcf71d6db947dda5e1c59d06 6.29MB / 55.68MB 25.4s
#4 sha256:1a3a899a8294dd12f21fb3f36579c74b05013aacbcf71d6db947dda5e1c59d06 7.34MB / 55.68MB 30.5s
#4 sha256:1a3a899a8294dd12f21fb3f36579c74b05013aacbcf71d6db947dda5e1c59d06 9.44MB / 55.68MB 35.6s
#4 sha256:1a3a899a8294dd12f21fb3f36579c74b05013aacbcf71d6db947dda5e1c59d06 10.49MB / 55.68MB 40.7s
#4 sha256:1a3a899a8294dd12f21fb3f36579c74b05013aacbcf71d6db947dda5e1c59d06 12.58MB / 55.68MB 45.8s
#4 sha256:1a3a899a8294dd12f21fb3f36579c74b05013aacbcf71d6db947dda5e1c59d06 14.68MB / 55.68MB 50.8s
#4 sha256:1a3a899a8294dd12f21fb3f36579c74b05013aacbcf71d6db947dda5e1c59d06 14.68MB / 55.68MB 55.9s
#4 sha256:1a3a899a8294dd12f21fb3f36579c74b05013aacbcf71d6db947dda5e1c59d06 15.73MB / 55.68MB 61.0s
#4 sha256:1a3a899a8294dd12f21fb3f36579c74b05013aacbcf71d6db947dda5e1c59d06 16.78MB / 55.68MB 66.0s
#4 sha256:1a3a899a8294dd12f21fb3f36579c74b05013aacbcf71d6db947dda5e1c59d06 16.78MB / 55.68MB 71.1s
#4 sha256:1a3a899a8294dd12f21fb3f36579c74b05013aacbcf71d6db947dda5e1c59d06 16.78MB / 55.68MB 76.1s
#4 sha256:1a3a899a8294dd12f21fb3f36579c74b05013aacbcf71d6db947dda5e1c59d06 17.83MB / 55.68MB 81.1s
#4 sha256:1a3a899a8294dd12f21fb3f36579c74b05013aacbcf71d6db947dda5e1c59d06 17.83MB / 55.68MB 86.2s
#4 sha256:1a3a899a8294dd12f21fb3f36579c74b05013aacbcf71d6db947dda5e1c59d06 17.83MB / 55.68MB 91.3s
#4 sha256:1a3a899a8294dd12f21fb3f36579c74b05013aacbcf71d6db947dda5e1c59d06 18.87MB / 55.68MB 96.4s
#4 sha256:1a3a899a8294dd12f21fb3f36579c74b05013aacbcf71d6db947dda5e1c59d06 18.87MB / 55.68MB 101.4s
#4 sha256:1a3a899a8294dd12f21fb3f36579c74b05013aacbcf71d6db947dda5e1c59d06 19.92MB / 55.68MB 106.6s
#4 sha256:1a3a899a8294dd12f21fb3f36579c74b05013aacbcf71d6db947dda5e1c59d06 19.92MB / 55.68MB 111.6s
#4 sha256:1a3a899a8294dd12f21fb3f36579c74b05013aacbcf71d6db947dda5e1c59d06 19.92MB / 55.68MB 116.6s
#4 sha256:1a3a899a8294dd12f21fb3f36579c74b05013aacbcf71d6db947dda5e1c59d06 19.92MB / 55.68MB 121.8s
#4 sha256:1a3a899a8294dd12f21fb3f36579c74b05013aacbcf71d6db947dda5e1c59d06 20.97MB / 55.68MB 126.9s
#4 sha256:1a3a899a8294dd12f21fb3f36579c74b05013aacbcf71d6db947dda5e1c59d06 20.97MB / 55.68MB 132.1s
#4 sha256:1a3a899a8294dd12f21fb3f36579c74b05013aacbcf71d6db947dda5e1c59d06 22.02MB / 55.68MB 137.3s
#4 sha256:1a3a899a8294dd12f21fb3f36579c74b05013aacbcf71d6db947dda5e1c59d06 22.02MB / 55.68MB 142.4s
#4 sha256:1a3a899a8294dd12f21fb3f36579c74b05013aacbcf71d6db947dda5e1c59d06 22.02MB / 55.68MB 147.5s
#4 sha256:1a3a899a8294dd12f21fb3f36579c74b05013aacbcf71d6db947dda5e1c59d06 23.07MB / 55.68MB 152.6s
#4 sha256:1a3a899a8294dd12f21fb3f36579c74b05013aacbcf71d6db947dda5e1c59d06 23.07MB / 55.68MB 157.7s
#4 sha256:1a3a899a8294dd12f21fb3f36579c74b05013aacbcf71d6db947dda5e1c59d06 24.12MB / 55.68MB 162.8s
#4 sha256:1a3a899a8294dd12f21fb3f36579c74b05013aacbcf71d6db947dda5e1c59d06 24.12MB / 55.68MB 167.9s
#4 sha256:1a3a899a8294dd12f21fb3f36579c74b05013aacbcf71d6db947dda5e1c59d06 24.12MB / 55.68MB 172.9s
#4 sha256:1a3a899a8294dd12f21fb3f36579c74b05013aacbcf71d6db947dda5e1c59d06 24.12MB / 55.68MB 177.9s
#4 sha256:1a3a899a8294dd12f21fb3f36579c74b05013aacbcf71d6db947dda5e1c59d06 25.17MB / 55.68MB 183.1s
#4 sha256:1a3a899a8294dd12f21fb3f36579c74b05013aacbcf71d6db947dda5e1c59d06 25.17MB / 55.68MB 188.2s
#4 sha256:1a3a899a8294dd12f21fb3f36579c74b05013aacbcf71d6db947dda5e1c59d06 25.17MB / 55.68MB 193.3s
#4 sha256:1a3a899a8294dd12f21fb3f36579c74b05013aacbcf71d6db947dda5e1c59d06 26.21MB / 55.68MB 198.4s
#4 sha256:1a3a899a8294dd12f21fb3f36579c74b05013aacbcf71d6db947dda5e1c59d06 27.26MB / 55.68MB 203.5s
#4 sha256:1a3a899a8294dd12f21fb3f36579c74b05013aacbcf71d6db947dda5e1c59d06 27.26MB / 55.68MB 208.6s
#4 sha256:1a3a899a8294dd12f21fb3f36579c74b05013aacbcf71d6db947dda5e1c59d06 28.31MB / 55.68MB 213.7s
#4 sha256:1a3a899a8294dd12f21fb3f36579c74b05013aacbcf71d6db947dda5e1c59d06 29.36MB / 55.68MB 218.9s
#4 sha256:1a3a899a8294dd12f21fb3f36579c74b05013aacbcf71d6db947dda5e1c59d06 31.46MB / 55.68MB 224.0s
#4 sha256:1a3a899a8294dd12f21fb3f36579c74b05013aacbcf71d6db947dda5e1c59d06 32.51MB / 55.68MB 229.0s
#4 sha256:1a3a899a8294dd12f21fb3f36579c74b05013aacbcf71d6db947dda5e1c59d06 34.60MB / 55.68MB 234.2s
#4 sha256:1a3a899a8294dd12f21fb3f36579c74b05013aacbcf71d6db947dda5e1c59d06 35.65MB / 55.68MB 239.4s
#4 sha256:1a3a899a8294dd12f21fb3f36579c74b05013aacbcf71d6db947dda5e1c59d06 36.70MB / 55.68MB 244.5s
#4 sha256:1a3a899a8294dd12f21fb3f36579c74b05013aacbcf71d6db947dda5e1c59d06 37.75MB / 55.68MB 249.6s
#4 sha256:1a3a899a8294dd12f21fb3f36579c74b05013aacbcf71d6db947dda5e1c59d06 38.80MB / 55.68MB 254.8s
#4 sha256:1a3a899a8294dd12f21fb3f36579c74b05013aacbcf71d6db947dda5e1c59d06 38.80MB / 55.68MB 259.8s
#4 sha256:1a3a899a8294dd12f21fb3f36579c74b05013aacbcf71d6db947dda5e1c59d06 39.85MB / 55.68MB 264.8s
#4 sha256:1a3a899a8294dd12f21fb3f36579c74b05013aacbcf71d6db947dda5e1c59d06 41.94MB / 55.68MB 269.9s
#4 sha256:1a3a899a8294dd12f21fb3f36579c74b05013aacbcf71d6db947dda5e1c59d06 42.99MB / 55.68MB 275.0s
#4 sha256:1a3a899a8294dd12f21fb3f36579c74b05013aacbcf71d6db947dda5e1c59d06 44.04MB / 55.68MB 280.2s
#4 sha256:1a3a899a8294dd12f21fb3f36579c74b05013aacbcf71d6db947dda5e1c59d06 45.09MB / 55.68MB 285.3s
#4 sha256:1a3a899a8294dd12f21fb3f36579c74b05013aacbcf71d6db947dda5e1c59d06 46.14MB / 55.68MB 290.4s
#4 sha256:1a3a899a8294dd12f21fb3f36579c74b05013aacbcf71d6db947dda5e1c59d06 47.19MB / 55.68MB 295.5s
#4 sha256:1a3a899a8294dd12f21fb3f36579c74b05013aacbcf71d6db947dda5e1c59d06 49.28MB / 55.68MB 300.6s
#4 sha256:1a3a899a8294dd12f21fb3f36579c74b05013aacbcf71d6db947dda5e1c59d06 51.38MB / 55.68MB 305.7s
#4 sha256:1a3a899a8294dd12f21fb3f36579c74b05013aacbcf71d6db947dda5e1c59d06 53.48MB / 55.68MB 310.8s
#4 sha256:1a3a899a8294dd12f21fb3f36579c74b05013aacbcf71d6db947dda5e1c59d06 55.57MB / 55.68MB 315.9s
#4 sha256:1a3a899a8294dd12f21fb3f36579c74b05013aacbcf71d6db947dda5e1c59d06 55.68MB / 55.68MB 316.0s done
#4 extracting sha256:1a3a899a8294dd12f21fb3f36579c74b05013aacbcf71d6db947dda5e1c59d06
#4 extracting sha256:1a3a899a8294dd12f21fb3f36579c74b05013aacbcf71d6db947dda5e1c59d06 2.1s done
#4 extracting sha256:ec179e2ee07230312183920d42bf49c2ef18644e3d7186ffa92b02dd2e26a835 0.0s done
#4 extracting sha256:65213f1a3de84db18197276d9be6a34fad98eec70604aeaa6821556d932c2676
#4 extracting sha256:65213f1a3de84db18197276d9be6a34fad98eec70604aeaa6821556d932c2676 done
#4 DONE 318.3s

#6 [base 2/3] WORKDIR /app
#6 DONE 0.6s

#7 [base 3/3] RUN apk add --no-cache libc6-compat openssl
#7 71.55 (1/4) Installing musl-obstack (1.2.3-r2)
#7 71.71 (2/4) Installing libucontext (1.5.1-r0)
#7 71.86 (3/4) Installing gcompat (1.1.0-r4)
#7 72.17 (4/4) Installing openssl (3.5.8-r0)
#7 73.89 Executing busybox-1.37.0-r31.trigger
#7 73.94 OK: 11.8 MiB in 22 packages
#7 DONE 74.0s

#8 [deps 1/2] COPY package.json package-lock.json ./
#8 DONE 0.1s

#9 [deps 2/2] RUN npm ci --registry=https://registry.npmjs.org/
#9 CANCELED
ERROR: failed to build: failed to solve: Canceled: context canceled
