
> sana-registration-review-platform@0.1.0 test:db:m1-role
> prisma/tests/test-facilities-runtime-role.sh

CREATE ROLE
GRANT ROLE
ALTER ROLE
GRANT
ALTER ROLE
REVOKE
REVOKE
REVOKE
REVOKE
REVOKE
REVOKE
REVOKE
REVOKE
REVOKE
REVOKE
REVOKE
REVOKE
REVOKE
REVOKE
REVOKE
REVOKE
REVOKE
REVOKE
REVOKE
REVOKE
REVOKE
REVOKE
REVOKE
REVOKE
REVOKE
REVOKE
REVOKE
REVOKE
REVOKE
REVOKE
REVOKE
REVOKE
REVOKE
REVOKE
REVOKE
REVOKE
REVOKE
REVOKE
REVOKE
REVOKE
REVOKE
REVOKE
REVOKE
REVOKE
REVOKE
REVOKE
REVOKE
REVOKE
REVOKE
REVOKE
REVOKE
REVOKE
REVOKE
REVOKE
REVOKE
REVOKE
REVOKE
REVOKE
REVOKE
REVOKE
REVOKE
REVOKE
REVOKE
GRANT
GRANT
GRANT
GRANT
GRANT
GRANT
GRANT
GRANT
GRANT
REVOKE
GRANT
REVOKE
REVOKE
GRANT
GRANT
REVOKE
GRANT
GRANT
Enter new password for user "phase0_runtime_test": 
Enter it again: 
BEGIN
SET
 count 
-------
     0
(1 row)

INSERT 0 1
INSERT 0 1
DO
ROLLBACK
