DROP DATABASE
CREATE DATABASE
GRANT
GRANT
GRANT
GRANT
GRANT
GRANT
GRANT
GRANT
REVOKE
GRANT
REVOKE
REVOKE
GRANT
GRANT
REVOKE
GRANT
GRANT
GRANT
GRANT
REVOKE
REVOKE
GRANT
REVOKE
GRANT
GRANT
REVOKE
GRANT
GRANT
REVOKE
GRANT
GRANT
GRANT
GRANT
GRANT
REVOKE
GRANT
GRANT
REVOKE
GRANT
GRANT
REVOKE
(node:37796) [DEP0205] DeprecationWarning: `module.register()` is deprecated. Use `module.registerHooks()` instead.
(Use `node --trace-deprecation ...` to show where the warning was created)
{"actualFacilitiesCli":"passed","storageFailureExit":2,"failedCompletionAudits":0,"recoveryExit":0,"recoveryCompletionAudits":1,"currentBytesPreserved":true,"uploadHistoryPreserved":true}
