(!) Your Vite config uses features that are unsupported by `configLoader: 'native'`, which is planned to become the default in a future major version of Vite:
  - ESM syntax in a file loaded as CommonJS (vitest.config.ts:1:1). Use a `.mjs` extension or set `"type": "module"` in the closest package.json
Set `VITE_CONFIG_NATIVE_IGNORE_WARNING=true` to suppress this warning.

[1m[30m[46m RUN [49m[39m[22m [36mv4.1.11 [39m[90m/private/var/folders/g_/f5ccnp_51q15by15f4svlw6c0000gn/T/sana-phase11-3kj65vzv/source[39m

(node:26314) [DEP0205] DeprecationWarning: `module.register()` is deprecated. Use `module.registerHooks()` instead.
(Use `node --trace-deprecation ...` to show where the warning was created)
 [31m❯[39m tests/maintenance.db.test.ts [2m([22m[2m13 tests[22m[2m | [22m[31m3 failed[39m[2m)[22m[33m 3385[2mms[22m[39m
     [33m[2m✓[22m[39m prunes expired 24h-old codes and preserves recent and still-live codes [33m 1048[2mms[22m[39m
     [33m[2m✓[22m[39m reports bounded backlog nonzero and resumes in a new process [33m 468[2mms[22m[39m
     [32m✓[39m does not grant unrestricted DELETE/TRUNCATE on OtpCode[32m 38[2mms[22m[39m
     [32m✓[39m does not grant unrestricted DELETE/TRUNCATE on ApplicationFile[32m 27[2mms[22m[39m
     [32m✓[39m does not grant unrestricted DELETE/TRUNCATE on LegacyFileVerification[32m 25[2mms[22m[39m
     [32m✓[39m does not grant unrestricted DELETE/TRUNCATE on MaintenanceCursor[32m 28[2mms[22m[39m
[31m     [31m×[31m OTP lock contention is nonzero and does not collide with orphan coordination[39m[32m 26[2mms[22m[39m
     [32m✓[39m DB failure never reports completion[32m 200[2mms[22m[39m
     [32m✓[39m PUBLIC cannot execute the fixed-search-path definer[32m 27[2mms[22m[39m
     [32m✓[39m durable cursor moves past failed rows and wraps[32m 31[2mms[22m[39m
[31m     [31m×[31m reconcile-legacy-files lock contention has an actual nonzero exit[39m[32m 22[2mms[22m[39m
[31m     [31m×[31m reconcile-facilities-files lock contention has an actual nonzero exit[39m[32m 19[2mms[22m[39m
     [33m[2m✓[22m[39m facilities invalid orphan retention is incomplete through the IPC worker [33m 1423[2mms[22m[39m

[31m⎯⎯⎯⎯⎯⎯⎯[39m[1m[41m Failed Tests 3 [49m[22m[31m⎯⎯⎯⎯⎯⎯⎯[39m

[41m[1m FAIL [22m[49m tests/maintenance.db.test.ts[2m > [22mR9 actual restricted maintenance CLI[2m > [22mOTP lock contention is nonzero and does not collide with orphan coordination
[31m[1mPrismaClientKnownRequestError[22m: 
Invalid `prisma.$queryRaw()` invocation:


Raw query failed. Code: `N/A`. Message: `Failed to deserialize column of type 'void'. If you're using $queryRaw and this column is explicitly marked as `Unsupported` in your Prisma schema, try casting this column to any supported Prisma type such as `String`.`[39m
[90m [2m❯[22m ei.handleRequestError node_modules/@prisma/client/src/runtime/RequestHandler.ts:[2m228:12[22m[39m
[90m [2m❯[22m ei.handleAndLogRequestError node_modules/@prisma/client/src/runtime/RequestHandler.ts:[2m174:11[22m[39m
[90m [2m❯[22m ei.request node_modules/@prisma/client/src/runtime/RequestHandler.ts:[2m143:11[22m[39m
[90m [2m❯[22m a node_modules/@prisma/client/src/runtime/getPrismaClient.ts:[2m833:23[22m[39m
[36m [2m❯[22m owner.$transaction.timeout tests/maintenance.db.test.ts:[2m33:40[22m[39m

[90m [2m❯[22m Proxy._transactionWithCallback node_modules/@prisma/client/src/runtime/getPrismaClient.ts:[2m722:17[22m[39m
[90m [2m❯[22m tests/maintenance.db.test.ts:[2m33:3[22m[39m

[31m[2m⎯⎯⎯⎯⎯⎯⎯⎯⎯⎯⎯⎯⎯⎯⎯⎯⎯⎯⎯⎯⎯⎯⎯⎯[1/3]⎯[22m[39m

[41m[1m FAIL [22m[49m tests/maintenance.db.test.ts[2m > [22mR9 actual restricted maintenance CLI[2m > [22mreconcile-legacy-files lock contention has an actual nonzero exit
[41m[1m FAIL [22m[49m tests/maintenance.db.test.ts[2m > [22mR9 actual restricted maintenance CLI[2m > [22mreconcile-facilities-files lock contention has an actual nonzero exit
[31m[1mPrismaClientKnownRequestError[22m: 
Invalid `prisma.$queryRaw()` invocation:


Raw query failed. Code: `N/A`. Message: `Failed to deserialize column of type 'void'. If you're using $queryRaw and this column is explicitly marked as `Unsupported` in your Prisma schema, try casting this column to any supported Prisma type such as `String`.`[39m
[90m [2m❯[22m ei.handleRequestError node_modules/@prisma/client/src/runtime/RequestHandler.ts:[2m228:12[22m[39m
[90m [2m❯[22m ei.handleAndLogRequestError node_modules/@prisma/client/src/runtime/RequestHandler.ts:[2m174:11[22m[39m
[90m [2m❯[22m ei.request node_modules/@prisma/client/src/runtime/RequestHandler.ts:[2m143:11[22m[39m
[90m [2m❯[22m a node_modules/@prisma/client/src/runtime/getPrismaClient.ts:[2m833:23[22m[39m
[36m [2m❯[22m owner.$transaction.timeout tests/maintenance.db.test.ts:[2m48:40[22m[39m

[90m [2m❯[22m Proxy._transactionWithCallback node_modules/@prisma/client/src/runtime/getPrismaClient.ts:[2m722:17[22m[39m
[90m [2m❯[22m tests/maintenance.db.test.ts:[2m48:3[22m[39m

[31m[2m⎯⎯⎯⎯⎯⎯⎯⎯⎯⎯⎯⎯⎯⎯⎯⎯⎯⎯⎯⎯⎯⎯⎯⎯[2/3]⎯[22m[39m


[2m Test Files [22m [1m[31m1 failed[39m[22m[90m (1)[39m
[2m      Tests [22m [1m[31m3 failed[39m[22m[2m | [22m[1m[32m10 passed[39m[22m[90m (13)[39m
[2m   Start at [22m 14:04:12
[2m   Duration [22m 4.34s[2m (transform 29ms, setup 0ms, import 818ms, tests 3.39s, environment 0ms)[22m

