(node:89051) [DEP0205] DeprecationWarning: `module.register()` is deprecated. Use `module.registerHooks()` instead.
(Use `node --trace-deprecation ...` to show where the warning was created)
{"providerPort":59127}
{"serverPid":89068,"port":59128,"proxy":false}
{"serverPid":89085,"port":59129,"proxy":false}
PASS eight HTTP requests/two production Next processes: one dispatch during slow provider
PASS failure: uncertain warning, quota retained, no retry
PASS malformed: uncertain warning, quota retained, no retry
PASS timeout: uncertain warning, quota retained, no retry
PASS unqualified/spoofed headers share unknown quota
{"serverPid":89151,"port":59152,"proxy":true}
PASS explicitly qualified X-Real-IP quota; XFF ignored (fixture only)
PASS 390px user: loading, uncertain OTP entry, actual cookie,429/refresh no redispatch, accessible RTL
PASS 390px admin: loading, uncertain OTP entry, actual cookie,429/refresh no redispatch, accessible RTL
PASS 1440px user: loading, uncertain OTP entry, actual cookie,429/refresh no redispatch, accessible RTL
PASS 1440px admin: loading, uncertain OTP entry, actual cookie,429/refresh no redispatch, accessible RTL
{"serverPid":89519,"port":59373,"proxy":false}
PASS actual unavailable DB503/no provider dispatch
PASS captured server logs exclude every fixture OTP
Owned browser, Next servers and provider stopped
